// Jest Snapshot v1, https://goo.gl/fbAQLP

exports[`Expects to render the main page component 1`] = `undefined`;
